<html>
<body>
<pre>
<h1>µVision Build Log</h1>
<h2>Project:</h2>
C:\Users\Kacper\Desktop\zadan\serwo\projekt.uvproj
Project File Date:  06/06/2023

<h2>Output:</h2>
Rebuild target 'Target 1'
assembling Startup.s...
compiling timer.c...
timer.h(4): warning:  #1-D: last line of file ends without a newline
timer.h(4): warning:  #1295-D: Deprecated declaration WaitOnTimer0Match0 - give arg types
compiling servo.c...
servo.h(2): warning:  #1295-D: Deprecated declaration eReadDetector - give arg types
timer_interrupts.h(1): warning:  #1295-D: Deprecated declaration Timer0IRQHandler - give arg types
timer_interrupts.h(2): warning:  #1-D: last line of file ends without a newline
compiling main.c...
keyboard.h(2): warning:  #1295-D: Deprecated declaration eKeyBoardRead - give arg types
keyboard.h(3): warning:  #1295-D: Deprecated declaration KeyboardInit - give arg types
servo.h(2): warning:  #1295-D: Deprecated declaration eReadDetector - give arg types
compiling led.c...
compiling keyboard.c...
keyboard.h(2): warning:  #1295-D: Deprecated declaration eKeyBoardRead - give arg types
keyboard.h(3): warning:  #1295-D: Deprecated declaration KeyboardInit - give arg types
keyboard.c(30): warning:  #1-D: last line of file ends without a newline
compiling timer_interrupts.c...
timer_interrupts.h(1): warning:  #1295-D: Deprecated declaration Timer0IRQHandler - give arg types
timer_interrupts.h(2): warning:  #1-D: last line of file ends without a newline
linking...
Program Size: Code=2100 RO-data=32 RW-data=8 ZI-data=1272  
".\projekt.axf" - 0 Errors, 13 Warning(s).
Rebuild target 'Target 1'
assembling Startup.s...
compiling timer.c...
timer.h(4): warning:  #1-D: last line of file ends without a newline
timer.h(4): warning:  #1295-D: Deprecated declaration WaitOnTimer0Match0 - give arg types
compiling servo.c...
servo.h(2): warning:  #1295-D: Deprecated declaration eReadDetector - give arg types
timer_interrupts.h(1): warning:  #1295-D: Deprecated declaration Timer0IRQHandler - give arg types
compiling main.c...
keyboard.h(2): warning:  #1295-D: Deprecated declaration eKeyBoardRead - give arg types
keyboard.h(3): warning:  #1295-D: Deprecated declaration KeyboardInit - give arg types
servo.h(2): warning:  #1295-D: Deprecated declaration eReadDetector - give arg types
compiling led.c...
compiling keyboard.c...
keyboard.h(2): warning:  #1295-D: Deprecated declaration eKeyBoardRead - give arg types
keyboard.h(3): warning:  #1295-D: Deprecated declaration KeyboardInit - give arg types
keyboard.c(30): warning:  #1-D: last line of file ends without a newline
compiling timer_interrupts.c...
timer_interrupts.h(1): warning:  #1295-D: Deprecated declaration Timer0IRQHandler - give arg types
linking...
Program Size: Code=2100 RO-data=32 RW-data=8 ZI-data=1272  
".\projekt.axf" - 0 Errors, 11 Warning(s).
Rebuild target 'Target 1'
assembling Startup.s...
compiling timer.c...
timer.h(4): warning:  #1-D: last line of file ends without a newline
timer.h(4): warning:  #1295-D: Deprecated declaration WaitOnTimer0Match0 - give arg types
compiling servo.c...
servo.h(2): warning:  #1295-D: Deprecated declaration eReadDetector - give arg types
compiling main.c...
keyboard.h(2): warning:  #1295-D: Deprecated declaration eKeyBoardRead - give arg types
keyboard.h(3): warning:  #1295-D: Deprecated declaration KeyboardInit - give arg types
servo.h(2): warning:  #1295-D: Deprecated declaration eReadDetector - give arg types
compiling led.c...
compiling keyboard.c...
keyboard.h(2): warning:  #1295-D: Deprecated declaration eKeyBoardRead - give arg types
keyboard.h(3): warning:  #1295-D: Deprecated declaration KeyboardInit - give arg types
keyboard.c(30): warning:  #1-D: last line of file ends without a newline
compiling timer_interrupts.c...
linking...
Program Size: Code=2100 RO-data=32 RW-data=8 ZI-data=1272  
".\projekt.axf" - 0 Errors, 9 Warning(s).
Rebuild target 'Target 1'
assembling Startup.s...
compiling timer.c...
timer.h(4): warning:  #1-D: last line of file ends without a newline
timer.h(4): warning:  #1295-D: Deprecated declaration WaitOnTimer0Match0 - give arg types
compiling servo.c...
servo.h(2): warning:  #1295-D: Deprecated declaration eReadDetector - give arg types
compiling main.c...
keyboard.h(2): warning:  #1295-D: Deprecated declaration eKeyBoardRead - give arg types
keyboard.h(3): warning:  #1295-D: Deprecated declaration KeyboardInit - give arg types
servo.h(2): warning:  #1295-D: Deprecated declaration eReadDetector - give arg types
compiling led.c...
compiling keyboard.c...
keyboard.h(2): warning:  #1295-D: Deprecated declaration eKeyBoardRead - give arg types
keyboard.h(3): warning:  #1295-D: Deprecated declaration KeyboardInit - give arg types
compiling timer_interrupts.c...
linking...
Program Size: Code=2100 RO-data=32 RW-data=8 ZI-data=1272  
".\projekt.axf" - 0 Errors, 8 Warning(s).
Rebuild target 'Target 1'
assembling Startup.s...
compiling timer.c...
timer.h(4): warning:  #1-D: last line of file ends without a newline
compiling servo.c...
servo.h(2): warning:  #1295-D: Deprecated declaration eReadDetector - give arg types
compiling main.c...
servo.h(2): warning:  #1295-D: Deprecated declaration eReadDetector - give arg types
compiling led.c...
compiling keyboard.c...
compiling timer_interrupts.c...
linking...
Program Size: Code=2100 RO-data=32 RW-data=8 ZI-data=1272  
".\projekt.axf" - 0 Errors, 3 Warning(s).
Rebuild target 'Target 1'
assembling Startup.s...
compiling timer.c...
timer.h(4): warning:  #1-D: last line of file ends without a newline
compiling servo.c...
compiling main.c...
compiling led.c...
compiling keyboard.c...
compiling timer_interrupts.c...
linking...
Program Size: Code=2100 RO-data=32 RW-data=8 ZI-data=1272  
".\projekt.axf" - 0 Errors, 1 Warning(s).
Rebuild target 'Target 1'
assembling Startup.s...
compiling timer.c...
compiling servo.c...
compiling main.c...
compiling led.c...
compiling keyboard.c...
compiling timer_interrupts.c...
linking...
Program Size: Code=2100 RO-data=32 RW-data=8 ZI-data=1272  
".\projekt.axf" - 0 Errors, 0 Warning(s).
Rebuild target 'Target 1'
assembling Startup.s...
compiling timer.c...
compiling servo.c...
compiling main.c...
compiling led.c...
compiling keyboard.c...
compiling timer_interrupts.c...
linking...
Program Size: Code=2372 RO-data=32 RW-data=8 ZI-data=1272  
FromELF: creating hex file...
".\projekt.axf" - 0 Errors, 0 Warning(s).
Rebuild target 'Target 1'
assembling Startup.s...
compiling timer.c...
compiling servo.c...
compiling main.c...
compiling led.c...
compiling keyboard.c...
compiling timer_interrupts.c...
linking...
Program Size: Code=2372 RO-data=32 RW-data=8 ZI-data=1272  
FromELF: creating hex file...
".\projekt.axf" - 0 Errors, 0 Warning(s).
Rebuild target 'Target 1'
assembling Startup.s...
compiling timer.c...
compiling servo.c...
compiling main.c...
compiling led.c...
compiling keyboard.c...
compiling timer_interrupts.c...
linking...
Program Size: Code=2356 RO-data=32 RW-data=8 ZI-data=1272  
FromELF: creating hex file...
".\projekt.axf" - 0 Errors, 0 Warning(s).
