<html>
<body>
<pre>
<h1>µVision Build Log</h1>
<h2>Project:</h2>
C:\Users\Kacper\Desktop\zadan\timery\project.uvproj
Project File Date:  05/30/2023

<h2>Output:</h2>
Rebuild target 'Target 1'
assembling Startup.s...
compiling keyboard.c...
compiling led.c...
compiling main.c...
compiling timer.c...
linking...
Program Size: Code=1152 RO-data=32 RW-data=4 ZI-data=1260  
".\project.axf" - 0 Errors, 0 Warning(s).
Rebuild target 'Target 1'
assembling Startup.s...
compiling keyboard.c...
compiling led.c...
compiling main.c...
compiling timer.c...
linking...
Program Size: Code=1424 RO-data=32 RW-data=4 ZI-data=1260  
FromELF: creating hex file...
".\project.axf" - 0 Errors, 0 Warning(s).
Rebuild target 'Target 1'
assembling Startup.s...
compiling keyboard.c...
compiling led.c...
compiling main.c...
compiling timer.c...
linking...
Program Size: Code=1400 RO-data=32 RW-data=4 ZI-data=1260  
FromELF: creating hex file...
".\project.axf" - 0 Errors, 0 Warning(s).
