<html>
<body>
<pre>
<h1>µVision Build Log</h1>
<h2>Project:</h2>
C:\Users\Kacper\Desktop\zadan\przerwania\project.uvproj
Project File Date:  06/01/2023

<h2>Output:</h2>
Rebuild target 'Target 1'
assembling Startup.s...
compiling timer_interrupts.c...
compiling timer.c...
compiling main.c...
compiling keyboard.c...
compiling led.c...
linking...
Program Size: Code=1576 RO-data=32 RW-data=12 ZI-data=1260  
FromELF: creating hex file...
".\project.axf" - 0 Errors, 0 Warning(s).
Rebuild target 'Target 1'
assembling Startup.s...
compiling timer_interrupts.c...
compiling timer.c...
compiling main.c...
compiling keyboard.c...
compiling led.c...
linking...
Program Size: Code=1576 RO-data=32 RW-data=12 ZI-data=1260  
FromELF: creating hex file...
".\project.axf" - 0 Errors, 0 Warning(s).
